{
    "baseName": "de",
    "calendar": null,
    "calendars": [
        "gregory"
    ],
    "caseFirst": null,
    "collation": null,
    "collations": [
        "phonebk",
        "emoji",
        "eor"
    ],
    "hourCycle": null,
    "hourCycles": [
        "h23"
    ],
    "language": "de",
    "numberingSystem": null,
    "numberingSystems": [
        "latn"
    ],
    "numeric": false,
    "region": null,
    "script": null,
    "textInfo": {
        "direction": "ltr"
    },
    "timeZones": null,
    "weekInfo": {
        "firstDay": 1,
        "minimalDays": 4,
        "weekend": [
            6,
            7
        ]
    }
}
