{
    "baseName": "ja-Jpan-JP-5432-9876",
    "calendar": null,
    "calendars": [
        "gregory",
        "japanese"
    ],
    "caseFirst": null,
    "collation": null,
    "collations": [
        "unihan",
        "emoji",
        "eor"
    ],
    "hourCycle": null,
    "hourCycles": [
        "h23"
    ],
    "language": "ja",
    "numberingSystem": null,
    "numberingSystems": [
        "latn"
    ],
    "numeric": false,
    "region": "JP",
    "script": "Jpan",
    "textInfo": {
        "direction": "ltr"
    },
    "timeZones": [
        "Asia\/Tokyo"
    ],
    "weekInfo": {
        "firstDay": 7,
        "minimalDays": 1,
        "weekend": [
            6,
            7
        ]
    }
}
