{
    "baseName": "en-Latn-US",
    "calendar": null,
    "calendars": [
        "gregory"
    ],
    "caseFirst": null,
    "collation": null,
    "collations": [
        "emoji",
        "eor"
    ],
    "hourCycle": null,
    "hourCycles": [
        "h12"
    ],
    "language": "en",
    "numberingSystem": null,
    "numberingSystems": [
        "latn"
    ],
    "numeric": false,
    "region": "US",
    "script": "Latn",
    "textInfo": {
        "direction": "ltr"
    },
    "timeZones": [
        "America\/Adak",
        "America\/Anchorage",
        "America\/Boise",
        "America\/Chicago",
        "America\/Denver",
        "America\/Detroit",
        "America\/Indiana\/Knox",
        "America\/Indiana\/Marengo",
        "America\/Indiana\/Petersburg",
        "America\/Indiana\/Tell_City",
        "America\/Indiana\/Vevay",
        "America\/Indiana\/Vincennes",
        "America\/Indiana\/Winamac",
        "America\/Indianapolis",
        "America\/Juneau",
        "America\/Kentucky\/Monticello",
        "America\/Los_Angeles",
        "America\/Louisville",
        "America\/Menominee",
        "America\/Metlakatla",
        "America\/New_York",
        "America\/Nome",
        "America\/North_Dakota\/Beulah",
        "America\/North_Dakota\/Center",
        "America\/North_Dakota\/New_Salem",
        "America\/Phoenix",
        "America\/Sitka",
        "America\/Yakutat",
        "Pacific\/Honolulu"
    ],
    "weekInfo": {
        "firstDay": 7,
        "minimalDays": 1,
        "weekend": [
            6,
            7
        ]
    }
}
