{
    "baseName": "sl-Latn-SI-1994-biske-rozaj",
    "calendar": null,
    "calendars": [
        "gregory"
    ],
    "caseFirst": null,
    "collation": null,
    "collations": [
        "emoji",
        "eor"
    ],
    "hourCycle": null,
    "hourCycles": [
        "h23"
    ],
    "language": "sl",
    "numberingSystem": null,
    "numberingSystems": [
        "latn"
    ],
    "numeric": false,
    "region": "SI",
    "script": "Latn",
    "textInfo": {
        "direction": "ltr"
    },
    "timeZones": [
        "Europe\/Ljubljana"
    ],
    "weekInfo": {
        "firstDay": 1,
        "minimalDays": 1,
        "weekend": [
            6,
            7
        ]
    }
}
