{
    "baseName": "de-Latn-DE",
    "calendar": null,
    "calendars": [
        "gregory"
    ],
    "caseFirst": null,
    "collation": "phonebk",
    "collations": [
        "phonebk"
    ],
    "hourCycle": null,
    "hourCycles": [
        "h23"
    ],
    "language": "de",
    "numberingSystem": null,
    "numberingSystems": [
        "latn"
    ],
    "numeric": true,
    "region": "DE",
    "script": "Latn",
    "textInfo": {
        "direction": "ltr"
    },
    "timeZones": [
        "Europe\/Berlin",
        "Europe\/Busingen"
    ],
    "weekInfo": {
        "firstDay": 1,
        "minimalDays": 4,
        "weekend": [
            6,
            7
        ]
    }
}
