{
    "baseName": "th-Thai-TH",
    "calendar": null,
    "calendars": [
        "buddhist",
        "gregory"
    ],
    "caseFirst": "upper",
    "collation": null,
    "collations": [
        "emoji",
        "eor"
    ],
    "hourCycle": null,
    "hourCycles": [
        "h23"
    ],
    "language": "th",
    "numberingSystem": "thai",
    "numberingSystems": [
        "thai"
    ],
    "numeric": false,
    "region": "TH",
    "script": "Thai",
    "textInfo": {
        "direction": "ltr"
    },
    "timeZones": [
        "Asia\/Bangkok"
    ],
    "weekInfo": {
        "firstDay": 7,
        "minimalDays": 1,
        "weekend": [
            6,
            7
        ]
    }
}
