{
    "baseName": "ar-Latn-CA",
    "calendar": "dangi",
    "calendars": [
        "dangi"
    ],
    "caseFirst": "lower",
    "collation": "phonebk",
    "collations": [
        "phonebk"
    ],
    "hourCycle": "h11",
    "hourCycles": [
        "h11"
    ],
    "language": "ar",
    "numberingSystem": "traditio",
    "numberingSystems": [
        "traditio"
    ],
    "numeric": false,
    "region": "CA",
    "script": "Latn",
    "textInfo": {
        "direction": "rtl"
    },
    "timeZones": [
        "America\/Blanc-Sablon",
        "America\/Cambridge_Bay",
        "America\/Coral_Harbour",
        "America\/Creston",
        "America\/Dawson",
        "America\/Dawson_Creek",
        "America\/Edmonton",
        "America\/Fort_Nelson",
        "America\/Glace_Bay",
        "America\/Goose_Bay",
        "America\/Halifax",
        "America\/Inuvik",
        "America\/Iqaluit",
        "America\/Moncton",
        "America\/Montreal",
        "America\/Nipigon",
        "America\/Pangnirtung",
        "America\/Rainy_River",
        "America\/Rankin_Inlet",
        "America\/Regina",
        "America\/Resolute",
        "America\/St_Johns",
        "America\/Swift_Current",
        "America\/Thunder_Bay",
        "America\/Toronto",
        "America\/Vancouver",
        "America\/Whitehorse",
        "America\/Winnipeg",
        "America\/Yellowknife"
    ],
    "weekInfo": {
        "firstDay": 7,
        "minimalDays": 1,
        "weekend": [
            6,
            7
        ]
    }
}
